#include "Enumerator_307738.h"

void test() {
  int i = Ns::ENUM_VALUE;
}
