#include <string>

#include "InsertionPoint_435340a.h"
#include "InsertionPoint_435340b.h"

A435340 a;
B435340 b;
