#include "ResolvedName.h"

namespace ns4 {

A a;

}
