#include "Template_306670.h"

void test() {
    func306670(1);
}
