#include "UnresolvedName.h"

#include "ResolvedName.h"

using ns4::A;
using ns5::B;

void test() {
	B b;
}
